// Jest Snapshot v1, https://goo.gl/fbAQLP

exports[`Map renders correctly 1`] = `
Array [
  <div />,
  <div>
    Loading...
  </div>,
  ")",
]
`;
