// Jest Snapshot v1, https://goo.gl/fbAQLP

exports[`Player render correctly 1`] = `
<div
  className="player-wrapper w-full bg-gray-900 rounded-xl bg-opacity-50 mx-5 p-5 mb-10 flex justify-center box-border"
>
  <div
    className="react-player p-5"
    style={
      Object {
        "height": "100%",
        "width": "100%",
      }
    }
  />
</div>
`;
