// Jest Snapshot v1, https://goo.gl/fbAQLP

exports[`Search render correctly 1`] = `
<div
  className="flex items-center justify-center"
>
  <form>
    <div
      className="relative text-gray-600 focus-within:text-gray-400"
    >
      <span
        className="absolute inset-y-0 left-0 flex items-center pl-2"
      >
        <button
          aria-label="button"
          className="p-1 focus:outline-none focus:shadow-outline"
          type="button"
        >
          <svg
            className="w-6 h-6"
            fill="none"
            stroke="currentColor"
            strokeLinecap="round"
            strokeLinejoin="round"
            strokeWidth="2"
            viewBox="0 0 24 24"
          >
            <path
              d="M21 21l-6-6m2-5a7 7 0 11-14 0 7 7 0 0114 0z"
            />
          </svg>
        </button>
      </span>
      <input
        autoComplete="off"
        className="py-2 text-sm text-white bg-gray-800 rounded-md pl-10 pr-2 focus:outline-none focus:bg-white focus:text-gray-900"
        name="q"
        onChange={[Function]}
        placeholder="Поиск..."
        type="search"
        value=""
      />
    </div>
  </form>
</div>
`;
